// Jest Snapshot v1, https://goo.gl/fbAQLP

exports[`FoodActionAdd renders the add food button 1`] = `
<button
  className="food-action"
  onClick={[Function]}
  type="button"
>
  Add
</button>
`;
