// Jest Snapshot v1, https://goo.gl/fbAQLP

exports[`SessionLogout renders the logout button 1`] = `
<button
  className="action logout"
  onClick={[Function]}
  type="button"
>
  Log out
</button>
`;
