// Jest Snapshot v1, https://goo.gl/fbAQLP

exports[`renders the loading screen 1`] = `<ExponentAppLoading />`;

exports[`renders the root without loading screen 1`] = `
<View
  style={
    Object {
      "backgroundColor": "#fff",
      "flex": 1,
    }
  }
>
  <View
    onLayout={[Function]}
    style={
      Array [
        Object {
          "flex": 1,
        },
      ]
    }
  >
    <View
      onMoveShouldSetResponder={[Function]}
      onMoveShouldSetResponderCapture={[Function]}
      onResponderEnd={[Function]}
      onResponderGrant={[Function]}
      onResponderMove={[Function]}
      onResponderReject={[Function]}
      onResponderRelease={[Function]}
      onResponderStart={[Function]}
      onResponderTerminate={[Function]}
      onResponderTerminationRequest={[Function]}
      onStartShouldSetResponder={[Function]}
      onStartShouldSetResponderCapture={[Function]}
      style={
        Array [
          Object {
            "flex": 1,
            "flexDirection": "column-reverse",
          },
          Object {
            "backgroundColor": "#000",
          },
        ]
      }
    >
      <View
        style={
          Object {
            "flex": 1,
          }
        }
      >
        <View
          collapsable={undefined}
          pointerEvents="auto"
          style={
            Object {
              "backgroundColor": "#EFEFF4",
              "bottom": 0,
              "left": 0,
              "opacity": 1,
              "position": "absolute",
              "right": 0,
              "shadowColor": "black",
              "shadowOffset": Object {
                "height": 0,
                "width": 0,
              },
              "shadowOpacity": 0.2,
              "shadowRadius": 5,
              "top": 0,
              "transform": Array [
                Object {
                  "translateX": 0,
                },
                Object {
                  "translateY": 0,
                },
              ],
            }
          }
        >
          <View
            loaded={
              Array [
                0,
              ]
            }
            onLayout={[Function]}
            style={
              Array [
                Object {
                  "flex": 1,
                  "overflow": "hidden",
                },
                Object {
                  "flex": 1,
                },
              ]
            }
          >
            <View
              collapsable={undefined}
              onMoveShouldSetResponder={[Function]}
              onMoveShouldSetResponderCapture={[Function]}
              onResponderEnd={[Function]}
              onResponderGrant={[Function]}
              onResponderMove={[Function]}
              onResponderReject={[Function]}
              onResponderRelease={[Function]}
              onResponderStart={[Function]}
              onResponderTerminate={[Function]}
              onResponderTerminationRequest={[Function]}
              onStartShouldSetResponder={[Function]}
              onStartShouldSetResponderCapture={[Function]}
              style={
                Object {
                  "alignItems": "stretch",
                  "flex": 1,
                  "flexDirection": "row",
                }
              }
            >
              <View
                style={
                  Object {
                    "bottom": 0,
                    "left": 0,
                    "position": "absolute",
                    "right": 0,
                    "top": 0,
                  }
                }
                testID={undefined}
              >
                <View
                  collapsable={false}
                  removeClippedSubviews={false}
                  style={
                    Object {
                      "flex": 1,
                      "overflow": "hidden",
                    }
                  }
                >
                  <View
                    style={
                      Object {
                        "flex": 1,
                      }
                    }
                  >
                    <View
                      style={
                        Object {
                          "backgroundColor": "#fff",
                          "flex": 1,
                        }
                      }
                    >
                      <RCTScrollView
                        ItemSeparatorComponent={[Function]}
                        ListHeaderComponent={
                          <FoodListActions
                            onFilter={[Function]}
                          />
                        }
                        data={undefined}
                        disableVirtualization={false}
                        getItem={[Function]}
                        getItemCount={[Function]}
                        horizontal={false}
                        initialNumToRender={10}
                        keyExtractor={[Function]}
                        maxToRenderPerBatch={10}
                        numColumns={1}
                        onContentSizeChange={[Function]}
                        onEndReachedThreshold={2}
                        onLayout={[Function]}
                        onMomentumScrollEnd={[Function]}
                        onScroll={[Function]}
                        onScrollBeginDrag={[Function]}
                        onScrollEndDrag={[Function]}
                        renderItem={[Function]}
                        scrollEventThrottle={50}
                        stickyHeaderIndices={Array []}
                        updateCellsBatchingPeriod={50}
                        viewabilityConfigCallbackPairs={Array []}
                        windowSize={21}
                      >
                        <View>
                          <View
                            onLayout={[Function]}
                            style={null}
                          >
                            <View
                              style={
                                Object {
                                  "backgroundColor": "#d8d8d8",
                                  "flexDirection": "row",
                                  "height": 48,
                                  "justifyContent": "space-between",
                                }
                              }
                            >
                              <View
                                style={
                                  Object {
                                    "borderRadius": 8,
                                    "flex": 1,
                                    "margin": 8,
                                    "overflow": "hidden",
                                  }
                                }
                              >
                                <TextInput
                                  allowFontScaling={true}
                                  autoCapitalize="none"
                                  clearButtonMode="always"
                                  onChangeText={[Function]}
                                  placeholder="Filter"
                                  returnKeyType="search"
                                  style={
                                    Object {
                                      "backgroundColor": "#fff",
                                      "fontSize": 16,
                                      "padding": 8,
                                    }
                                  }
                                />
                              </View>
                            </View>
                          </View>
                        </View>
                      </RCTScrollView>
                    </View>
                  </View>
                </View>
              </View>
              <View
                style={null}
                testID={undefined}
              />
              <View
                style={null}
                testID={undefined}
              />
              <View
                style={null}
                testID={undefined}
              />
              <View
                style={null}
                testID={undefined}
              />
            </View>
            <View
              collapsable={undefined}
              style={undefined}
            >
              <View
                collapsable={undefined}
                onLayout={[Function]}
                pointerEvents="box-none"
                style={
                  Object {
                    "backgroundColor": "#F7F7F7",
                    "borderTopColor": "rgba(0, 0, 0, .3)",
                    "borderTopWidth": 0.5,
                    "flexDirection": "row",
                    "height": 49,
                    "paddingBottom": 0,
                    "paddingLeft": 0,
                    "paddingRight": 0,
                    "paddingTop": 0,
                  }
                }
              >
                <View
                  accessibilityComponentType={undefined}
                  accessibilityLabel={undefined}
                  accessibilityTraits={undefined}
                  accessible={true}
                  collapsable={undefined}
                  hitSlop={undefined}
                  nativeID={undefined}
                  onLayout={undefined}
                  onResponderGrant={[Function]}
                  onResponderMove={[Function]}
                  onResponderRelease={[Function]}
                  onResponderTerminate={[Function]}
                  onResponderTerminationRequest={[Function]}
                  onStartShouldSetResponder={[Function]}
                  style={
                    Object {
                      "alignItems": "center",
                      "backgroundColor": "rgba(0, 0, 0, 0)",
                      "flex": 1,
                    }
                  }
                  testID={undefined}
                >
                  <View
                    style={
                      Array [
                        Object {
                          "alignItems": "center",
                          "flex": 1,
                        },
                        Object {
                          "flexDirection": "column",
                          "justifyContent": "flex-end",
                        },
                        undefined,
                      ]
                    }
                  >
                    <View
                      style={
                        Array [
                          Object {
                            "height": 29,
                          },
                          false,
                          Object {
                            "flexGrow": 1,
                          },
                        ]
                      }
                    >
                      <View
                        collapsable={undefined}
                        style={
                          Object {
                            "alignItems": "center",
                            "alignSelf": "center",
                            "height": "100%",
                            "justifyContent": "center",
                            "opacity": 1,
                            "position": "absolute",
                            "width": "100%",
                          }
                        }
                      >
                        <Image
                          source={1}
                        />
                      </View>
                      <View
                        collapsable={undefined}
                        style={
                          Object {
                            "alignItems": "center",
                            "alignSelf": "center",
                            "height": "100%",
                            "justifyContent": "center",
                            "opacity": 0,
                            "position": "absolute",
                            "width": "100%",
                          }
                        }
                      >
                        <Image
                          source={1}
                        />
                      </View>
                    </View>
                    <Text
                      accessible={true}
                      allowFontScaling={true}
                      collapsable={undefined}
                      ellipsizeMode="tail"
                      numberOfLines={1}
                      style={
                        Object {
                          "backgroundColor": "transparent",
                          "color": "rgba(52, 120, 246, 1)",
                          "fontSize": 10,
                          "marginBottom": 1.5,
                          "textAlign": "center",
                        }
                      }
                    >
                      All
                    </Text>
                  </View>
                </View>
                <View
                  accessibilityComponentType={undefined}
                  accessibilityLabel={undefined}
                  accessibilityTraits={undefined}
                  accessible={true}
                  collapsable={undefined}
                  hitSlop={undefined}
                  nativeID={undefined}
                  onLayout={undefined}
                  onResponderGrant={[Function]}
                  onResponderMove={[Function]}
                  onResponderRelease={[Function]}
                  onResponderTerminate={[Function]}
                  onResponderTerminationRequest={[Function]}
                  onStartShouldSetResponder={[Function]}
                  style={
                    Object {
                      "alignItems": "center",
                      "backgroundColor": "rgba(0, 0, 0, 0)",
                      "flex": 1,
                    }
                  }
                  testID={undefined}
                >
                  <View
                    style={
                      Array [
                        Object {
                          "alignItems": "center",
                          "flex": 1,
                        },
                        Object {
                          "flexDirection": "column",
                          "justifyContent": "flex-end",
                        },
                        undefined,
                      ]
                    }
                  >
                    <View
                      style={
                        Array [
                          Object {
                            "height": 29,
                          },
                          false,
                          Object {
                            "flexGrow": 1,
                          },
                        ]
                      }
                    >
                      <View
                        collapsable={undefined}
                        style={
                          Object {
                            "alignItems": "center",
                            "alignSelf": "center",
                            "height": "100%",
                            "justifyContent": "center",
                            "opacity": 0,
                            "position": "absolute",
                            "width": "100%",
                          }
                        }
                      >
                        <Image
                          source={1}
                        />
                      </View>
                      <View
                        collapsable={undefined}
                        style={
                          Object {
                            "alignItems": "center",
                            "alignSelf": "center",
                            "height": "100%",
                            "justifyContent": "center",
                            "opacity": 1,
                            "position": "absolute",
                            "width": "100%",
                          }
                        }
                      >
                        <Image
                          source={1}
                        />
                      </View>
                    </View>
                    <Text
                      accessible={true}
                      allowFontScaling={true}
                      collapsable={undefined}
                      ellipsizeMode="tail"
                      numberOfLines={1}
                      style={
                        Object {
                          "backgroundColor": "transparent",
                          "color": "rgba(146, 146, 146, 1)",
                          "fontSize": 10,
                          "marginBottom": 1.5,
                          "textAlign": "center",
                        }
                      }
                    >
                      Very High
                    </Text>
                  </View>
                </View>
                <View
                  accessibilityComponentType={undefined}
                  accessibilityLabel={undefined}
                  accessibilityTraits={undefined}
                  accessible={true}
                  collapsable={undefined}
                  hitSlop={undefined}
                  nativeID={undefined}
                  onLayout={undefined}
                  onResponderGrant={[Function]}
                  onResponderMove={[Function]}
                  onResponderRelease={[Function]}
                  onResponderTerminate={[Function]}
                  onResponderTerminationRequest={[Function]}
                  onStartShouldSetResponder={[Function]}
                  style={
                    Object {
                      "alignItems": "center",
                      "backgroundColor": "rgba(0, 0, 0, 0)",
                      "flex": 1,
                    }
                  }
                  testID={undefined}
                >
                  <View
                    style={
                      Array [
                        Object {
                          "alignItems": "center",
                          "flex": 1,
                        },
                        Object {
                          "flexDirection": "column",
                          "justifyContent": "flex-end",
                        },
                        undefined,
                      ]
                    }
                  >
                    <View
                      style={
                        Array [
                          Object {
                            "height": 29,
                          },
                          false,
                          Object {
                            "flexGrow": 1,
                          },
                        ]
                      }
                    >
                      <View
                        collapsable={undefined}
                        style={
                          Object {
                            "alignItems": "center",
                            "alignSelf": "center",
                            "height": "100%",
                            "justifyContent": "center",
                            "opacity": 0,
                            "position": "absolute",
                            "width": "100%",
                          }
                        }
                      >
                        <Image
                          source={1}
                        />
                      </View>
                      <View
                        collapsable={undefined}
                        style={
                          Object {
                            "alignItems": "center",
                            "alignSelf": "center",
                            "height": "100%",
                            "justifyContent": "center",
                            "opacity": 1,
                            "position": "absolute",
                            "width": "100%",
                          }
                        }
                      >
                        <Image
                          source={1}
                        />
                      </View>
                    </View>
                    <Text
                      accessible={true}
                      allowFontScaling={true}
                      collapsable={undefined}
                      ellipsizeMode="tail"
                      numberOfLines={1}
                      style={
                        Object {
                          "backgroundColor": "transparent",
                          "color": "rgba(146, 146, 146, 1)",
                          "fontSize": 10,
                          "marginBottom": 1.5,
                          "textAlign": "center",
                        }
                      }
                    >
                      High
                    </Text>
                  </View>
                </View>
                <View
                  accessibilityComponentType={undefined}
                  accessibilityLabel={undefined}
                  accessibilityTraits={undefined}
                  accessible={true}
                  collapsable={undefined}
                  hitSlop={undefined}
                  nativeID={undefined}
                  onLayout={undefined}
                  onResponderGrant={[Function]}
                  onResponderMove={[Function]}
                  onResponderRelease={[Function]}
                  onResponderTerminate={[Function]}
                  onResponderTerminationRequest={[Function]}
                  onStartShouldSetResponder={[Function]}
                  style={
                    Object {
                      "alignItems": "center",
                      "backgroundColor": "rgba(0, 0, 0, 0)",
                      "flex": 1,
                    }
                  }
                  testID={undefined}
                >
                  <View
                    style={
                      Array [
                        Object {
                          "alignItems": "center",
                          "flex": 1,
                        },
                        Object {
                          "flexDirection": "column",
                          "justifyContent": "flex-end",
                        },
                        undefined,
                      ]
                    }
                  >
                    <View
                      style={
                        Array [
                          Object {
                            "height": 29,
                          },
                          false,
                          Object {
                            "flexGrow": 1,
                          },
                        ]
                      }
                    >
                      <View
                        collapsable={undefined}
                        style={
                          Object {
                            "alignItems": "center",
                            "alignSelf": "center",
                            "height": "100%",
                            "justifyContent": "center",
                            "opacity": 0,
                            "position": "absolute",
                            "width": "100%",
                          }
                        }
                      >
                        <Image
                          source={1}
                        />
                      </View>
                      <View
                        collapsable={undefined}
                        style={
                          Object {
                            "alignItems": "center",
                            "alignSelf": "center",
                            "height": "100%",
                            "justifyContent": "center",
                            "opacity": 1,
                            "position": "absolute",
                            "width": "100%",
                          }
                        }
                      >
                        <Image
                          source={1}
                        />
                      </View>
                    </View>
                    <Text
                      accessible={true}
                      allowFontScaling={true}
                      collapsable={undefined}
                      ellipsizeMode="tail"
                      numberOfLines={1}
                      style={
                        Object {
                          "backgroundColor": "transparent",
                          "color": "rgba(146, 146, 146, 1)",
                          "fontSize": 10,
                          "marginBottom": 1.5,
                          "textAlign": "center",
                        }
                      }
                    >
                      Moderate
                    </Text>
                  </View>
                </View>
                <View
                  accessibilityComponentType={undefined}
                  accessibilityLabel={undefined}
                  accessibilityTraits={undefined}
                  accessible={true}
                  collapsable={undefined}
                  hitSlop={undefined}
                  nativeID={undefined}
                  onLayout={undefined}
                  onResponderGrant={[Function]}
                  onResponderMove={[Function]}
                  onResponderRelease={[Function]}
                  onResponderTerminate={[Function]}
                  onResponderTerminationRequest={[Function]}
                  onStartShouldSetResponder={[Function]}
                  style={
                    Object {
                      "alignItems": "center",
                      "backgroundColor": "rgba(0, 0, 0, 0)",
                      "flex": 1,
                    }
                  }
                  testID={undefined}
                >
                  <View
                    style={
                      Array [
                        Object {
                          "alignItems": "center",
                          "flex": 1,
                        },
                        Object {
                          "flexDirection": "column",
                          "justifyContent": "flex-end",
                        },
                        undefined,
                      ]
                    }
                  >
                    <View
                      style={
                        Array [
                          Object {
                            "height": 29,
                          },
                          false,
                          Object {
                            "flexGrow": 1,
                          },
                        ]
                      }
                    >
                      <View
                        collapsable={undefined}
                        style={
                          Object {
                            "alignItems": "center",
                            "alignSelf": "center",
                            "height": "100%",
                            "justifyContent": "center",
                            "opacity": 0,
                            "position": "absolute",
                            "width": "100%",
                          }
                        }
                      >
                        <Image
                          source={1}
                        />
                      </View>
                      <View
                        collapsable={undefined}
                        style={
                          Object {
                            "alignItems": "center",
                            "alignSelf": "center",
                            "height": "100%",
                            "justifyContent": "center",
                            "opacity": 1,
                            "position": "absolute",
                            "width": "100%",
                          }
                        }
                      >
                        <Image
                          source={1}
                        />
                      </View>
                    </View>
                    <Text
                      accessible={true}
                      allowFontScaling={true}
                      collapsable={undefined}
                      ellipsizeMode="tail"
                      numberOfLines={1}
                      style={
                        Object {
                          "backgroundColor": "transparent",
                          "color": "rgba(146, 146, 146, 1)",
                          "fontSize": 10,
                          "marginBottom": 1.5,
                          "textAlign": "center",
                        }
                      }
                    >
                      Low
                    </Text>
                  </View>
                </View>
              </View>
            </View>
          </View>
        </View>
      </View>
      <View
        collapsable={undefined}
        onLayout={[Function]}
        pointerEvents="box-none"
        style={
          Object {
            "backgroundColor": "#a5a5a5",
            "borderBottomColor": "#A7A7AA",
            "borderBottomWidth": 0.5,
            "height": 84,
            "paddingBottom": 0,
            "paddingLeft": 0,
            "paddingRight": 0,
            "paddingTop": 20,
          }
        }
      >
        <View
          style={
            Object {
              "bottom": 0,
              "left": 0,
              "position": "absolute",
              "right": 0,
              "top": 0,
            }
          }
        />
        <View
          style={
            Object {
              "flex": 1,
            }
          }
        >
          <View
            style={
              Object {
                "bottom": 0,
                "flexDirection": "row",
                "left": 0,
                "position": "absolute",
                "right": 0,
                "top": 0,
              }
            }
          >
            <View
              collapsable={undefined}
              pointerEvents="box-none"
              style={
                Object {
                  "alignItems": "center",
                  "backgroundColor": "transparent",
                  "bottom": 0,
                  "flexDirection": "row",
                  "justifyContent": "center",
                  "left": 0,
                  "opacity": 1,
                  "position": "absolute",
                  "right": 0,
                  "top": 0,
                }
              }
            >
              <Text
                accessibilityTraits="header"
                accessible={true}
                allowFontScaling={true}
                collapsable={undefined}
                ellipsizeMode="tail"
                numberOfLines={1}
                onLayout={[Function]}
                style={
                  Object {
                    "color": "rgba(0, 0, 0, .9)",
                    "fontFamily": "MarkerFelt-Thin",
                    "fontSize": 38,
                    "fontWeight": "700",
                    "marginHorizontal": 16,
                    "textAlign": "center",
                  }
                }
              >
                All Foods
              </Text>
            </View>
          </View>
        </View>
      </View>
    </View>
  </View>
</View>
`;
